// Vitest Snapshot v1, https://vitest.dev/guide/snapshot.html

exports[`DotsLoader > renders four pips with a status role and the caption 1`] = `"<span class="wwk-dots" role="status" aria-label="Loading workspace"><span class="wwk-dots__row" style="--wwk-dot:8.80px;--wwk-gap:6.40px;--wwk-jump:11.20px"><span class="wwk-dots__pip"></span><span class="wwk-dots__pip"></span><span class="wwk-dots__pip"></span><span class="wwk-dots__pip"></span></span><span class="wwk-dots__label">Loading workspace</span></span>"`;
